// Jest Snapshot v1, https://goo.gl/fbAQLP

exports[`Home page matches snapshot 1`] = `
<DocumentFragment>
  <div>
    <header>
      <div
        class="title"
      >
        <h1>
          SAIFU
        </h1>
      </div>
      <a
        href="/user/login"
      >
        ログイン
      </a>
      <a
        href="/user/register"
      >
         新規登録
      </a>
    </header>
    <main>
      <h2>
        Information
      </h2>
      <ul>
        <li>
          Info1
        </li>
        <li>
          Info2
        </li>
        <li>
          Info3
        </li>
        <li>
          Info4
        </li>
        <li>
          Info5
        </li>
      </ul>
      <div>
        pagination
      </div>
    </main>
    <footer>
      © Saifu-mlm.com 2021
    </footer>
  </div>
</DocumentFragment>
`;
